// Jest Snapshot v1, https://goo.gl/fbAQLP

exports[`App renders the app 1`] = `
<div
  class="container-0-0-6"
>
  <div>
    Form
  </div>
  <div>
    Table
  </div>
</div>
`;
