// Jest Snapshot v1, https://goo.gl/fbAQLP

exports[`Form should render the form 1`] = `
<form>
  <input
    data-testid="platform"
    name="platform"
    type="radio"
  />
  <input
    data-testid="search"
    name="search"
    type="search"
  />
  <input
    data-testid="brand"
    name="brand"
    type="radio"
  />
  <input
    data-testid="mode"
    name="mode"
    type="radio"
  />
</form>
`;
