// Jest Snapshot v1, https://goo.gl/fbAQLP

exports[`RadioGroup should render radio group 1`] = `
<div
  class="radioGroup-0-0-1 pokemon"
>
  <h5>
    Pokemons
  </h5>
  <div
    class="radios-0-0-2"
  >
    <input
      data-testid="pikachu"
      name="pokemon"
      type="radio"
      value="pikachu"
    />
    <input
      data-testid="bulbasour"
      name="pokemon"
      type="radio"
      value="bulbasour"
    />
  </div>
</div>
`;
