// Jest Snapshot v1, https://goo.gl/fbAQLP

exports[`Search should render search 1`] = `
<div
  class="wrapper-0-0-2"
>
  <h5>
    Search
  </h5>
  <input
    class="input-0-0-1"
    type="search"
  />
</div>
`;
