// Jest Snapshot v1, https://goo.gl/fbAQLP

exports[`registerAttributesFormat should return the correct formatter template 1`] = `
"<?xml version=\\"1.0\\" encoding=\\"utf-8\\"?>
<resources>
  <style name=\\"Theme.Avon.Dark\\" parent=\\"Theme.MaterialComponents.DayNight\\">
    <item name=\\"colorPrimary\\">#F091C9</item>
  </style>
</resources>"
`;
